/odm/bin/bspFwUpdate 49-57
/odm/bin/engineer_vendor_shell.sh 58-59
/odm/bin/hw/camerasloganserver 61-63
/odm/bin/hw/vendor-oplus-hardware-engineer@1.0-service 64-106
/odm/bin/hw/vendor-oplus-hardware-engsensor@1.0-service 107-129
/odm/bin/hw/vendor-oplus-hardware-transmessage@1.0-service 130-137
/odm/bin/hw/vendor.oplus.hardware.biometrics.face@1.0-service 138-164
/odm/bin/hw/vendor.oplus.hardware.biometrics.fingerprint@2.1-service 165-189
/odm/bin/hw/vendor.oplus.hardware.biometrics.fingerprintpay@1.0-service 190-196
/odm/bin/hw/vendor.oplus.hardware.charger@1.0-service 197-206
/odm/bin/hw/vendor.oplus.hardware.cryptoeng@1.0-service 207-215
/odm/bin/hw/vendor.oplus.hardware.displaypanelfeature@1.0-service 216-228
/odm/bin/hw/vendor.oplus.hardware.engcamera@1.0-service 229-231
/odm/bin/hw/vendor.oplus.hardware.fido.fidoca@1.0-service 232-238
/odm/bin/hw/vendor.oplus.hardware.oplusSensor@1.0-service 239-243
/odm/bin/hw/vendor.oplus.hardware.orms.ormsHalService@1.0-service 244-251
/odm/bin/hw/vendor.oplus.hardware.stability.oplus_project@1.0-service 252-260
/odm/bin/hw/vendor.oplus.hardware.thermalmntcfg@1.0-service 261-266
/odm/bin/hw/vendor.oplus.hardware.touch@1.0-service 267-273
/odm/bin/init.oppo.fingerprints.sh 274
/odm/bin/init.vendor.wifi.autochmod.sh 275-277
/odm/bin/iwpriv_vendor 278-387
/odm/bin/rpmbengclient_test 388-390
/odm/bin/self-init 391-422
/odm/bin/setgsiprop 423-432
/odm/build.prop 433
/odm/etc/2167D/build.default.prop 436
/odm/etc/2167D/build.eea.prop 437
/odm/etc/2167D/build.gsi.prop 438
/odm/etc/2167D/build.prop 439
/odm/etc/2167D/build.ru.prop 440
/odm/etc/2167D/build.t2.prop 441
/odm/etc/2167D/build.tr.prop 442
/odm/etc/NOTICE.xml.gz 443
/odm/etc/audio/audio_device/audio_device.xml 446-456
/odm/etc/audio/audio_device/common/audio_device.xml 458-480
/odm/etc/audio/audio_param/AudioParamOptions.xml 482-483
/odm/etc/audio/audio_param/BtInfo_AudioParam.xml 484
/odm/etc/audio/audio_param/BtInfo_ParamUnitDesc.xml 485
/odm/etc/audio/audio_param/HpImpedance_AudioParam.xml 486
/odm/etc/audio/audio_param/HpImpedance_ParamUnitDesc.xml 487
/odm/etc/audio/audio_param/MicInfo_AudioParam.xml 488-489
/odm/etc/audio/audio_param/MicInfo_ParamUnitDesc.xml 490
/odm/etc/audio/audio_param/PlaybackACF_AudioParam.xml 491-493
/odm/etc/audio/audio_param/PlaybackACF_ParamUnitDesc.xml 494
/odm/etc/audio/audio_param/PlaybackDRC_AudioParam.xml 495-498
/odm/etc/audio/audio_param/PlaybackDRC_ParamUnitDesc.xml 499
/odm/etc/audio/audio_param/PlaybackHCF_AudioParam.xml 500-501
/odm/etc/audio/audio_param/PlaybackHCF_ParamUnitDesc.xml 502
/odm/etc/audio/audio_param/PlaybackVolAna_AudioParam.xml 503-504
/odm/etc/audio/audio_param/PlaybackVolAna_ParamUnitDesc.xml 505
/odm/etc/audio/audio_param/PlaybackVolDigi_AudioParam.xml 506-508
/odm/etc/audio/audio_param/PlaybackVolDigi_ParamUnitDesc.xml 509
/odm/etc/audio/audio_param/PlaybackVolUI_AudioParam.xml 510-511
/odm/etc/audio/audio_param/PlaybackVolUI_ParamUnitDesc.xml 512
/odm/etc/audio/audio_param/Playback_AudioParam.xml 513
/odm/etc/audio/audio_param/Playback_ParamTreeView.xml 514
/odm/etc/audio/audio_param/Playback_ParamUnitDesc.xml 515
/odm/etc/audio/audio_param/RecordDMNR_AudioParam.xml 516
/odm/etc/audio/audio_param/RecordDMNR_ParamUnitDesc.xml 517
/odm/etc/audio/audio_param/RecordFIR_AudioParam.xml 518-543
/odm/etc/audio/audio_param/RecordFIR_ParamUnitDesc.xml 544
/odm/etc/audio/audio_param/RecordUI_AudioParam.xml 545-546
/odm/etc/audio/audio_param/RecordUI_ParamUnitDesc.xml 547
/odm/etc/audio/audio_param/RecordVolUI_AudioParam.xml 548
/odm/etc/audio/audio_param/RecordVolUI_ParamUnitDesc.xml 549
/odm/etc/audio/audio_param/RecordVol_AudioParam.xml 550-551
/odm/etc/audio/audio_param/RecordVol_ParamUnitDesc.xml 552
/odm/etc/audio/audio_param/Record_AudioParam.xml 553-568
/odm/etc/audio/audio_param/Record_ParamTreeView.xml 569
/odm/etc/audio/audio_param/Record_ParamUnitDesc.xml 570-573
/odm/etc/audio/audio_param/RingbackVolUI_AudioParam.xml 574
/odm/etc/audio/audio_param/RingbackVolUI_ParamUnitDesc.xml 575
/odm/etc/audio/audio_param/RingbackVol_AudioParam.xml 576
/odm/etc/audio/audio_param/RingbackVol_ParamUnitDesc.xml 577
/odm/etc/audio/audio_param/SmartPa_AudioParam.xml 578-579
/odm/etc/audio/audio_param/SmartPa_ParamUnitDesc.xml 580
/odm/etc/audio/audio_param/SoundEnhancement_AudioParam.xml 581
/odm/etc/audio/audio_param/SoundEnhancement_ParamUnitDesc.xml 582
/odm/etc/audio/audio_param/SpeechDMNR_AudioParam.xml 583-587
/odm/etc/audio/audio_param/SpeechDMNR_ParamUnitDesc.xml 588-594
/odm/etc/audio/audio_param/SpeechEchoRef_AudioParam.xml 595
/odm/etc/audio/audio_param/SpeechEchoRef_ParamUnitDesc.xml 596
/odm/etc/audio/audio_param/SpeechGeneral_AudioParam.xml 597
/odm/etc/audio/audio_param/SpeechGeneral_ParamUnitDesc.xml 598
/odm/etc/audio/audio_param/SpeechMagiClarity_AudioParam.xml 599
/odm/etc/audio/audio_param/SpeechMagiClarity_ParamUnitDesc.xml 600
/odm/etc/audio/audio_param/SpeechNetwork_AudioParam.xml 601
/odm/etc/audio/audio_param/SpeechNetwork_ParamUnitDesc.xml 602
/odm/etc/audio/audio_param/SpeechUI_AudioParam.xml 603-604
/odm/etc/audio/audio_param/SpeechUI_ParamUnitDesc.xml 605-606
/odm/etc/audio/audio_param/SpeechVolUI_AudioParam.xml 607
/odm/etc/audio/audio_param/SpeechVolUI_ParamUnitDesc.xml 608
/odm/etc/audio/audio_param/SpeechVol_AudioParam.xml 609-610
/odm/etc/audio/audio_param/SpeechVol_ParamUnitDesc.xml 611
/odm/etc/audio/audio_param/Speech_AudioParam.xml 612-637
/odm/etc/audio/audio_param/Speech_ParamTreeView.xml 638-646
/odm/etc/audio/audio_param/Speech_ParamUnitDesc.xml 647-658
/odm/etc/audio/audio_param/USBCall_AudioParam.xml 659
/odm/etc/audio/audio_param/USBCall_ParamUnitDesc.xml 660
/odm/etc/audio/audio_param/USBDevice_AudioParam.xml 661
/odm/etc/audio/audio_param/USBDevice_ParamUnitDesc.xml 662
/odm/etc/audio/audio_param/UplinkConfiguration_AudioParam.xml 663
/odm/etc/audio/audio_param/UplinkConfiguration_ParamUnitDesc.xml 664
/odm/etc/audio/audio_param/VOW_AudioParam.xml 665
/odm/etc/audio/audio_param/VOW_ParamUnitDesc.xml 666
/odm/etc/audio/audio_param/VoIPDMNR_AudioParam.xml 667
/odm/etc/audio/audio_param/VoIPDMNR_ParamUnitDesc.xml 668
/odm/etc/audio/audio_param/VoIPGeneral_AudioParam.xml 669
/odm/etc/audio/audio_param/VoIPGeneral_ParamUnitDesc.xml 670
/odm/etc/audio/audio_param/VoIPUI_AudioParam.xml 671
/odm/etc/audio/audio_param/VoIPUI_ParamUnitDesc.xml 672
/odm/etc/audio/audio_param/VoIPVolUI_AudioParam.xml 673
/odm/etc/audio/audio_param/VoIPVolUI_ParamUnitDesc.xml 674
/odm/etc/audio/audio_param/VoIPVol_AudioParam.xml 675
/odm/etc/audio/audio_param/VoIPVol_ParamUnitDesc.xml 676
/odm/etc/audio/audio_param/VoIP_AudioParam.xml 677-678
/odm/etc/audio/audio_param/VoIP_ParamTreeView.xml 679-680
/odm/etc/audio/audio_param/VoIP_ParamUnitDesc.xml 681-684
/odm/etc/audio/audio_param/VoIPv2DMNR_AudioParam.xml 685
/odm/etc/audio/audio_param/VoIPv2DMNR_ParamUnitDesc.xml 686-725
/odm/etc/audio/audio_param/VoIPv2General_AudioParam.xml 726
/odm/etc/audio/audio_param/VoIPv2General_ParamUnitDesc.xml 727
/odm/etc/audio/audio_param/VoIPv2UI_AudioParam.xml 728
/odm/etc/audio/audio_param/VoIPv2UI_ParamUnitDesc.xml 729
/odm/etc/audio/audio_param/VoIPv2_AudioParam.xml 730-744
/odm/etc/audio/audio_param/VoIPv2_ParamTreeView.xml 745-754
/odm/etc/audio/audio_param/VoIPv2_ParamUnitDesc.xml 755-766
/odm/etc/audio/audio_param/VoWDspAec_AudioParam.xml 767-768
/odm/etc/audio/audio_param/VoWDspAec_ParamUnitDesc.xml 769
/odm/etc/audio/audio_param/VoWHwVad_AudioParam.xml 770
/odm/etc/audio/audio_param/VoWHwVad_ParamUnitDesc.xml 771
/odm/etc/audio/audio_param/VolumeGainMapUL_AudioParam.xml 772
/odm/etc/audio/audio_param/VolumeGainMapUL_ParamUnitDesc.xml 773
/odm/etc/audio/audio_param/VolumeGainMap_AudioParam.xml 774-776
/odm/etc/audio/audio_param/VolumeGainMap_ParamUnitDesc.xml 777-778
/odm/etc/audio/audio_param/Volume_AudioParam.xml 779-783
/odm/etc/audio/audio_param/Volume_ParamUnitDesc.xml 784
/odm/etc/audio/aurisys_config/aurisys_config.xml 786-790
/odm/etc/audio/file112.wav 791-1799
/odm/etc/audio/oplus_audio_features.xml 1800
/odm/etc/audio/spk.wav 1801-1861
/odm/etc/audio/test_path/common/mixer_paths.xml 1864-1869
/odm/etc/audio/test_path/mixer_paths.xml 1870-1875
/odm/etc/audio_effects.xml 1876-1877
/odm/etc/bin/gauge_authenticate 1879-1882
/odm/etc/boe_novtek_nt36525b_eyeprotect_data.xml 1883
/odm/etc/build.prop 1884
/odm/etc/camera/engineer_camera_config 1886-1888
/odm/etc/camera/mtCalibrationCfg.xml 1889
/odm/etc/camera/mtInputparam.xml 1890
/odm/etc/camera/mwCalibrationCfg.xml 1891
/odm/etc/camera/mwInputparam.xml 1892
/odm/etc/camera/stereoParams.bin 1893
/odm/etc/dirac/diracmobile.config 1895-2015
/odm/etc/dirac/diracvdd.bin 2016-2018
/odm/etc/ecc_list.xml 2019-2029
/odm/etc/flags.prop 2030
/odm/etc/hlt_ilitek_ili7807s_eyeprotect_data.xml 2031
/odm/etc/hlt_novtek_ac_nt36525b_eyeprotect_data.xml 2032
/odm/etc/init/camerasloganserver.rc 2034
/odm/etc/init/init.network.mt6769.rc 2035
/odm/etc/init/init.oppo.reserve.rc 2036-2037
/odm/etc/init/init.vendor.oppo.connectivity.rc 2038
/odm/etc/init/self-init.rc 2039
/odm/etc/init/setgsiprop.rc 2040
/odm/etc/init/vendor-oplus-hardware-engineer@1.0-service.rc 2041
/odm/etc/init/vendor-oplus-hardware-engsensor@1.0-service.rc 2042
/odm/etc/init/vendor-oplus-hardware-transmessage@1.0-service.rc 2043
/odm/etc/init/vendor.oplus.hardware.biometrics.face@1.0-service.rc 2044
/odm/etc/init/vendor.oplus.hardware.biometrics.fingerprint@2.1-service.rc 2045-2046
/odm/etc/init/vendor.oplus.hardware.biometrics.fingerprintpay@1.0-service.rc 2047
/odm/etc/init/vendor.oplus.hardware.charger@1.0-service.rc 2048
/odm/etc/init/vendor.oplus.hardware.cryptoeng@1.0-service_FDE.rc 2049
/odm/etc/init/vendor.oplus.hardware.displaypanelfeature@1.0-service.rc 2050
/odm/etc/init/vendor.oplus.hardware.engcamera@1.0-service.rc 2051
/odm/etc/init/vendor.oplus.hardware.fido.fidoca@1.0-service.rc 2052
/odm/etc/init/vendor.oplus.hardware.oplusSensor@1.0-service.rc 2053
/odm/etc/init/vendor.oplus.hardware.orms.ormsHalService@1.0-service.rc 2054
/odm/etc/init/vendor.oplus.hardware.stability.oplus_project@1.0-service.rc 2055
/odm/etc/init/vendor.oplus.hardware.thermalmntcfg@1.0-service.rc 2056
/odm/etc/init/vendor.oplus.hardware.touch@1.0-service.rc 2057
/odm/etc/init/vendor_engineermode.rc 2058
/odm/etc/media_codecs_ffmpeg.xml 2059
/odm/etc/media_codecs_mediatek_odm.xml 2060
/odm/etc/media_codecs_vendor_oplus.xml 2061
/odm/etc/normalize/flags.prop 2063
/odm/etc/nxp/CMCC/Phone_bt_bt.bin 2066
/odm/etc/nxp/CMCC/Phone_hsmic_hs.bin 2067
/odm/etc/nxp/CMCC/Phone_mic_hp.bin 2068
/odm/etc/nxp/CMCC/Phone_mic_recv.bin 2069
/odm/etc/nxp/CMCC/Phone_mic_spk.bin 2070
/odm/etc/nxp/CMCC/Phone_mic_spk_ev.bin 2071
/odm/etc/nxp/CMCC/Record_hs_APP1.bin 2072
/odm/etc/nxp/CMCC/Record_hs_APP2.bin 2072
/odm/etc/nxp/CMCC/Record_hs_cam.bin 2073
/odm/etc/nxp/CMCC/Record_hs_conference.bin 2074
/odm/etc/nxp/CMCC/Record_hs_fast.bin 2075
/odm/etc/nxp/CMCC/Record_hs_interview.bin 2074
/odm/etc/nxp/CMCC/Record_hs_normal.bin 2074
/odm/etc/nxp/CMCC/Record_hs_unprocess.bin 2076
/odm/etc/nxp/CMCC/Record_hs_vr.bin 2074
/odm/etc/nxp/CMCC/Record_mic_APP1.bin 2077
/odm/etc/nxp/CMCC/Record_mic_APP2.bin 2078
/odm/etc/nxp/CMCC/Record_mic_cam.bin 2079
/odm/etc/nxp/CMCC/Record_mic_conference.bin 2080
/odm/etc/nxp/CMCC/Record_mic_fast.bin 2081
/odm/etc/nxp/CMCC/Record_mic_interview.bin 2082
/odm/etc/nxp/CMCC/Record_mic_normal.bin 2083
/odm/etc/nxp/CMCC/Record_mic_unprocess.bin 2084
/odm/etc/nxp/CMCC/Record_mic_vr.bin 2085
/odm/etc/nxp/CMCC/VoIP_App1_bt_bt.bin 2086
/odm/etc/nxp/CMCC/VoIP_App1_hsmic_hs.bin 2087
/odm/etc/nxp/CMCC/VoIP_App1_mic_hp.bin 2088
/odm/etc/nxp/CMCC/VoIP_App1_mic_hs.bin 2089
/odm/etc/nxp/CMCC/VoIP_App1_mic_recv.bin 2090
/odm/etc/nxp/CMCC/VoIP_App1_mic_spk.bin 2091
/odm/etc/nxp/CMCC/VoIP_App2_bt_bt.bin 2086
/odm/etc/nxp/CMCC/VoIP_App2_hsmic_hs.bin 2087
/odm/etc/nxp/CMCC/VoIP_App2_mic_hp.bin 2088
/odm/etc/nxp/CMCC/VoIP_App2_mic_hs.bin 2092
/odm/etc/nxp/CMCC/VoIP_App2_mic_recv.bin 2093
/odm/etc/nxp/CMCC/VoIP_App2_mic_spk.bin 2094
/odm/etc/nxp/CMCC/VoIP_bt_bt.bin 2086
/odm/etc/nxp/CMCC/VoIP_hsmic_hs.bin 2087
/odm/etc/nxp/CMCC/VoIP_hsmic_hs_game.bin 2095
/odm/etc/nxp/CMCC/VoIP_mic_hp.bin 2088
/odm/etc/nxp/CMCC/VoIP_mic_hp_game.bin 2096
/odm/etc/nxp/CMCC/VoIP_mic_hs.bin 2089
/odm/etc/nxp/CMCC/VoIP_mic_recv.bin 2090
/odm/etc/nxp/CMCC/VoIP_mic_recv_game.bin 2097
/odm/etc/nxp/CMCC/VoIP_mic_spk.bin 2091
/odm/etc/nxp/CMCC/VoIP_mic_spk_game.bin 2098
/odm/etc/nxp/CT/Phone_bt_bt.bin 2066
/odm/etc/nxp/CT/Phone_hsmic_hs.bin 2067
/odm/etc/nxp/CT/Phone_mic_hp.bin 2068
/odm/etc/nxp/CT/Phone_mic_recv.bin 2069
/odm/etc/nxp/CT/Phone_mic_spk.bin 2070
/odm/etc/nxp/CT/Phone_mic_spk_ev.bin 2071
/odm/etc/nxp/CT/Record_hs_APP1.bin 2072
/odm/etc/nxp/CT/Record_hs_APP2.bin 2072
/odm/etc/nxp/CT/Record_hs_cam.bin 2073
/odm/etc/nxp/CT/Record_hs_conference.bin 2074
/odm/etc/nxp/CT/Record_hs_fast.bin 2075
/odm/etc/nxp/CT/Record_hs_interview.bin 2074
/odm/etc/nxp/CT/Record_hs_normal.bin 2074
/odm/etc/nxp/CT/Record_hs_unprocess.bin 2076
/odm/etc/nxp/CT/Record_hs_vr.bin 2074
/odm/etc/nxp/CT/Record_mic_APP1.bin 2077
/odm/etc/nxp/CT/Record_mic_APP2.bin 2078
/odm/etc/nxp/CT/Record_mic_cam.bin 2079
/odm/etc/nxp/CT/Record_mic_conference.bin 2080
/odm/etc/nxp/CT/Record_mic_fast.bin 2081
/odm/etc/nxp/CT/Record_mic_interview.bin 2082
/odm/etc/nxp/CT/Record_mic_normal.bin 2083
/odm/etc/nxp/CT/Record_mic_unprocess.bin 2084
/odm/etc/nxp/CT/Record_mic_vr.bin 2085
/odm/etc/nxp/CT/VoIP_App1_bt_bt.bin 2086
/odm/etc/nxp/CT/VoIP_App1_hsmic_hs.bin 2087
/odm/etc/nxp/CT/VoIP_App1_mic_hp.bin 2088
/odm/etc/nxp/CT/VoIP_App1_mic_hs.bin 2089
/odm/etc/nxp/CT/VoIP_App1_mic_recv.bin 2090
/odm/etc/nxp/CT/VoIP_App1_mic_spk.bin 2091
/odm/etc/nxp/CT/VoIP_App2_bt_bt.bin 2086
/odm/etc/nxp/CT/VoIP_App2_hsmic_hs.bin 2087
/odm/etc/nxp/CT/VoIP_App2_mic_hp.bin 2088
/odm/etc/nxp/CT/VoIP_App2_mic_hs.bin 2092
/odm/etc/nxp/CT/VoIP_App2_mic_recv.bin 2093
/odm/etc/nxp/CT/VoIP_App2_mic_spk.bin 2094
/odm/etc/nxp/CT/VoIP_bt_bt.bin 2086
/odm/etc/nxp/CT/VoIP_hsmic_hs.bin 2087
/odm/etc/nxp/CT/VoIP_hsmic_hs_game.bin 2095
/odm/etc/nxp/CT/VoIP_mic_hp.bin 2088
/odm/etc/nxp/CT/VoIP_mic_hp_game.bin 2096
/odm/etc/nxp/CT/VoIP_mic_hs.bin 2089
/odm/etc/nxp/CT/VoIP_mic_recv.bin 2090
/odm/etc/nxp/CT/VoIP_mic_recv_game.bin 2097
/odm/etc/nxp/CT/VoIP_mic_spk.bin 2091
/odm/etc/nxp/CT/VoIP_mic_spk_game.bin 2098
/odm/etc/nxp/Phone_bt_bt.bin 2066
/odm/etc/nxp/Phone_hsmic_hs.bin 2100
/odm/etc/nxp/Phone_mic_hp.bin 2101
/odm/etc/nxp/Phone_mic_recv.bin 2102
/odm/etc/nxp/Phone_mic_spk.bin 2103
/odm/etc/nxp/Phone_mic_spk_ev.bin 2071
/odm/etc/nxp/Phone_usbmic_usb.bin 2066
/odm/etc/nxp/Record_hs_APP1.bin 2104
/odm/etc/nxp/Record_hs_APP2.bin 2104
/odm/etc/nxp/Record_hs_cam.bin 2105
/odm/etc/nxp/Record_hs_conference.bin 2106
/odm/etc/nxp/Record_hs_fast.bin 2075
/odm/etc/nxp/Record_hs_interview.bin 2074
/odm/etc/nxp/Record_hs_normal.bin 2107
/odm/etc/nxp/Record_hs_unprocess.bin 2076
/odm/etc/nxp/Record_hs_vr.bin 2107
/odm/etc/nxp/Record_mic_APP1.bin 2108
/odm/etc/nxp/Record_mic_APP2.bin 2109
/odm/etc/nxp/Record_mic_cam.bin 2110
/odm/etc/nxp/Record_mic_conference.bin 2111
/odm/etc/nxp/Record_mic_fast.bin 2081
/odm/etc/nxp/Record_mic_interview.bin 2112
/odm/etc/nxp/Record_mic_normal.bin 2113
/odm/etc/nxp/Record_mic_unprocess.bin 2084
/odm/etc/nxp/Record_mic_vr.bin 2085
/odm/etc/nxp/VoIP_App1_bt_bt.bin 2086
/odm/etc/nxp/VoIP_App1_hsmic_hs.bin 2087
/odm/etc/nxp/VoIP_App1_mic_hp.bin 2088
/odm/etc/nxp/VoIP_App1_mic_hs.bin 2089
/odm/etc/nxp/VoIP_App1_mic_recv.bin 2114
/odm/etc/nxp/VoIP_App1_mic_spk.bin 2115
/odm/etc/nxp/VoIP_App2_bt_bt.bin 2086
/odm/etc/nxp/VoIP_App2_hsmic_hs.bin 2087
/odm/etc/nxp/VoIP_App2_mic_hp.bin 2088
/odm/etc/nxp/VoIP_App2_mic_hs.bin 2092
/odm/etc/nxp/VoIP_App2_mic_recv.bin 2116
/odm/etc/nxp/VoIP_App2_mic_spk.bin 2117
/odm/etc/nxp/VoIP_bt_bt.bin 2086
/odm/etc/nxp/VoIP_hsmic_hs.bin 2087
/odm/etc/nxp/VoIP_hsmic_hs_game.bin 2095
/odm/etc/nxp/VoIP_mic_hp.bin 2088
/odm/etc/nxp/VoIP_mic_hp_game.bin 2096
/odm/etc/nxp/VoIP_mic_hs.bin 2089
/odm/etc/nxp/VoIP_mic_recv.bin 2114
/odm/etc/nxp/VoIP_mic_recv_game.bin 2097
/odm/etc/nxp/VoIP_mic_spk.bin 2118
/odm/etc/nxp/VoIP_mic_spk_game.bin 2098
/odm/etc/nxp/tfa98xx_device.bin 2119
/odm/etc/nxp/tfa98xx_music.bin 2120
/odm/etc/nxp/tfa98xx_ringtone.bin 2121
/odm/etc/nxp/tfa98xx_voice.bin 2122
/odm/etc/oplus.fstab 2123
/odm/etc/orms/orms_core_config.xml 2125-2150
/odm/etc/orms/orms_permission_config.xml 2151
/odm/etc/permissions/android.hardware.sensor.light.xml 2153
/odm/etc/permissions/android.hardware.sensor.proximity.xml 2154
/odm/etc/permissions/com.oppo.features_allnet_camera_2167D.xml 2155
/odm/etc/permissions/com.oppo.features_allnet_multimedia_2167D.xml 2156
/odm/etc/permissions/vendor-oplus-hardware-biometrics-fido.xml 2157
/odm/etc/permissions/vendor-oplus-hardware-biometrics-fingerprintpay.xml 2158
/odm/etc/permissions/vendor-oplus-hardware-charger.xml 2159
/odm/etc/permissions/vendor-oplus-hardware-cryptoeng.xml 2160
/odm/etc/permissions/vendor-oplus-hardware-engineer.xml 2161
/odm/etc/permissions/vendor-oplus-hardware-engsensor.xml 2162
/odm/etc/permissions/vendor-oplus-hardware-oplusSensor.xml 2163
/odm/etc/permissions/vendor-oplus-hardware-transmessage.xml 2164
/odm/etc/power_profile/power_monitor_config_2167D.xml 2166
/odm/etc/power_profile/power_profile.xml 2167-2169
/odm/etc/self_init_config/common/self_init_config.xml 2172-2179
/odm/etc/sensor/sensor_config.json 2181
/odm/etc/temperature_profile/sys_high_temp_protect_OPPO_2167D.xml 2183
/odm/etc/truly_ilitek_ili9882n_eyeprotect_data.xml 2184
/odm/etc/vendor_wifi_rus_config.xml 2185
/odm/etc/vintf/manifest/manifest_engineer.xml 2188
/odm/etc/vintf/manifest/manifest_engsensor.xml 2189
/odm/etc/vintf/manifest/manifest_oplusSensor.xml 2190
/odm/etc/vintf/manifest/manifest_oplus_camera_slogan.xml 2191
/odm/etc/vintf/manifest/manifest_oplus_charger.xml 2192
/odm/etc/vintf/manifest/manifest_oplus_displaypanelfeature.xml 2193
/odm/etc/vintf/manifest/manifest_oplus_engcamera.xml 2194
/odm/etc/vintf/manifest/manifest_oplus_fido.xml 2195
/odm/etc/vintf/manifest/manifest_oplus_orms.xml 2196
/odm/etc/vintf/manifest/manifest_oplus_stability_project.xml 2197
/odm/etc/vintf/manifest/manifest_oplus_thermalmntcfg.xml 2198
/odm/etc/vintf/manifest/manifest_oplus_touch.xml 2199
/odm/etc/vintf/manifest/manifest_transmessage.xml 2200
/odm/etc/wifi/txpowerctrl.cfg 2202
/odm/firmware/tfa/tfa/common/tfa98xx.cnt 2207-2208
/odm/firmware/tfa/tfa/tfa9894/tfa98xx.cnt 2210
/odm/firmware/tfa/tfa/tfa98xx.cnt 2210
/odm/firmware/tp/19741/FW_NF_ILT9881H_TRULY.bin 2213-2293
/odm/firmware/tp/19741/FW_NF_ILT9881H_TRULY_FAE.bin 2294-2374
/odm/firmware/tp/19741/FW_NF_ILT9881H_TXD.bin 2375-2421 2260-2267 2422 2269-2286 2423 2425-2430
/odm/firmware/tp/19741/FW_NF_ILT9881H_TXD_FAE.bin 2431-2477 2341-2348 2478 2350-2367 2479 2481-2486
/odm/firmware/tp/19741/FW_NF_NT36525B_HLT.bin 2487-2503 0 0 0 2504-2506 0 0 0 2507-2508 0 2509
/odm/firmware/tp/19741/FW_NF_NT36525B_HLT_FAE.bin 2510-2526 0 0 0 2527-2529 0 0 0 2530-2532
/odm/firmware/tp/19741/FW_NF_NT36525B_HLT_TEST.bin 2533-2543 0 0 0 0 0 0 0 0 0 2527-2529 0 0 0 2544 2531 2545
/odm/firmware/tp/19741/LIMIT_NF_ILT9881H_TRULY.ini 2547-2556
/odm/firmware/tp/19741/LIMIT_NF_ILT9881H_TXD.ini 2557-2566
/odm/firmware/tp/19741/LIMIT_NF_NT36525B_HLT.img 2567-2575
/odm/firmware/tp/206AC/FW_GT9886_SAMSUNG.img 2577-2599
/odm/firmware/tp/206AC/FW_GT9886_SAMSUNG_FAE.img 2600-2622
/odm/firmware/tp/206AC/FW_NF_NT36525B_HLT.bin 2623-2639 0 0 0 2504-2506 0 0 0 2640 2508 0 2641
/odm/firmware/tp/206AC/FW_NF_NT36525B_HLTB8.bin 2643-2660 0 0 2504-2506 0 0 0 2661 2508 0 2662
/odm/firmware/tp/206AC/FW_NF_NT36525B_HLTB8_FAE.bin 2664-2681 0 0 2527-2529 0 0 0 2682 2531 2683
/odm/firmware/tp/206AC/FW_NF_NT36525B_HLTB8_TEST.bin 2685-2697 0 0 0 0 0 0 0 2527-2529 0 0 0 2698 2531 2699
/odm/firmware/tp/206AC/FW_NF_NT36525B_HLT_FAE.bin 2701-2717 0 0 0 2527-2529 0 0 0 2718 2531 2719
/odm/firmware/tp/206AC/FW_NF_NT36525B_HLT_TEST.bin 2721-2731 0 0 0 0 0 0 0 0 0 2527-2529 0 0 0 2732 2531 2733
/odm/firmware/tp/206AC/LIMIT_GT9886_SAMSUNG.img 2735-2737
/odm/firmware/tp/206AC/LIMIT_NF_NT36525B_HLT.img 2567-2575
/odm/firmware/tp/206AC/LIMIT_NF_NT36525B_HLTB8.img 2567-2575
/odm/firmware/tp/2167A/FW_NF_ILI7807S_HLT.bin 2739-2826
/odm/firmware/tp/2167A/FW_NF_ILI7807S_HLT_FAE.bin 2827-2914
/odm/firmware/tp/2167A/FW_NF_ILI9882N_TRULY.bin 2915-2968 2793-2794 2969-2992 2819 2993 2995-2998 2825 2999
/odm/firmware/tp/2167A/FW_NF_ILI9882N_TRULY_FAE.bin 3000-3053 2881-2882 3054-3077 2907 3078 3080-3083 2913 3084
/odm/firmware/tp/2167A/FW_NF_NT36525B_HLTB8.bin 3085-3102 0 0 2504-2506 0 0 0 3103 2508 0 3104
/odm/firmware/tp/2167A/FW_NF_NT36525B_HLTB8_FAE.bin 2664-2681 0 0 2527-2529 0 0 0 2682 2531 2683
/odm/firmware/tp/2167A/FW_NF_NT36525B_HLTB8_TEST.bin 3107-3120 0 0 0 0 0 0 2527-2529 0 0 0 3121 2531 3122
/odm/firmware/tp/2167A/LIMIT_NF_ILI7807S_HLT.ini 3124-3150
/odm/firmware/tp/2167A/LIMIT_NF_ILI9882N_TRULY.ini 3151-3161
/odm/firmware/tp/2167A/LIMIT_NF_NT36525B_HLTB8.img 3162-3170
/odm/framework/vendor.oplus.hardware.appradio-V1.0-java.jar 3172-3176
/odm/framework/vendor.oplus.hardware.biometrics.fingerprintpay-V1.0-java.jar 3177-3179
/odm/framework/vendor.oplus.hardware.charger-V1.0-java.jar 3180-3182
/odm/framework/vendor.oplus.hardware.cryptoeng-V1.0-java.jar 3183-3185
/odm/framework/vendor.oplus.hardware.fido.fidoca-V1.0-java.jar 3186-3188
/odm/framework/vendor.oplus.hardware.ims-V1.0-java.jar 3189-3192
/odm/framework/vendor.oplus.hardware.oplusSensor-V1.0-java.jar 3193-3195
/odm/framework/vendor.oplus.hardware.orms-V1.0-java.jar 3196-3198
/odm/framework/vendor.oplus.hardware.orms.ormsHalService-V1.0-java.jar 3199-3201
/odm/framework/vendor.oplus.hardware.radio-V1.0-java.jar 3202-3209
/odm/framework/vendor.oplus.hardware.stability.oplus_project-V1.0-java.jar 3210-3212
/odm/framework/vendor.oplus.hardware.thermalmntcfg-V1.0-java.jar 3213-3215
/odm/framework/vendor.oplus.hardware.touch-V1.0-java.jar 3216-3218
/odm/init.oplus.face.rc 3219
/odm/init.oppo.seccommon.rc 3220
/odm/lib/anc.hal.so 3222-3249
/odm/lib/hw/fingerprint.goodix_G2.default.so 3251-3252
/odm/lib/hw/fingerprint.goodix_G3.default.so 3253-3255
/odm/lib/hw/fingerprint.goodix_G5.default.so 3256-3257
/odm/lib/hw/fingerprint.goodix_G6.default.so 3258-3259
/odm/lib/hw/fingerprint.silead.default.so 3260-3262
/odm/lib/hw/vendor.oplus.hardware.camera.slogan@1.0-impl.so 3263-3266
/odm/lib/hw/vendor.oplus.hardware.engcamera@1.0-impl.so 3267-3272
/odm/lib/hw/vendor.oplus.hardware.orms.ormsHalService@1.0-impl.so 3273-3278
/odm/lib/libDiracAPI_SHARED.so 3279-3905
/odm/lib/libRbsFlow.so 3906-3945
/odm/lib/libRbsFlow_cap.so 3946-3970
/odm/lib/libarcsoft_dualcam_wt_calibration.so 3971-3973
/odm/lib/libarcsoft_dualcam_wt_verification.so 3974-3976
/odm/lib/libavcodec.so 3977-6557
/odm/lib/libavformat.so 6558-6850
/odm/lib/libavutil.so 6851-6955
/odm/lib/libbsproxy.so 6956-6961
/odm/lib/libcalibverifyW_T.so 6962-7551
/odm/lib/libdav1d.so.4 7552-7733
/odm/lib/libdiracapwrapper.so 7734-7781
/odm/lib/libdpservice.so 7782-7788
/odm/lib/libffmpeg_omx.so 7789-7801
/odm/lib/libffmpeg_utils.so 7802-7805
/odm/lib/libfido_factory.so 7806-7809
/odm/lib/libgf_hal_G2.so 7810-8495
/odm/lib/libgf_hal_G3.so 8496-9200
/odm/lib/libgf_hal_G5.so 9201-9244
/odm/lib/libgf_hal_G6.so 9245-9298
/odm/lib/libmxmafa.so 9299-9322
/odm/lib/libormshalclient.so 9323-9326
/odm/lib/librpmbengclient.so 9327-9328
/odm/lib/libsl_fp_impl.so 9329-9379
/odm/lib/libstfaceunlockppl.so 9380-20965 0 0 0 0 0 0 0 0 0 0 0 0 0 0 20966-21025
/odm/lib/libswresample.so 21026-21046
/odm/lib/libswscale.so 21047-21153
/odm/lib/libtrustonic_keybox_ca.so 21154-21155
/odm/lib/sensors.virtual.so 21156-21163
/odm/lib/soundfx/libdirac.so 21165-21186
/odm/lib/soundfx/libdiraceffect.so 21187-21430 21430-21431
/odm/lib/vendor.oplus.hardware.appradio@1.0.so 21432-21465
/odm/lib/vendor.oplus.hardware.biometrics.face@1.0.so 21466-21505
/odm/lib/vendor.oplus.hardware.biometrics.faceservice@1.0.so 21506-21518
/odm/lib/vendor.oplus.hardware.biometrics.fingerprint@2.1.so 21519-21559
/odm/lib/vendor.oplus.hardware.biometrics.fingerprintpay@1.0.so 21560-21588
/odm/lib/vendor.oplus.hardware.biometrics.fingerprintservice@1.0.so 21589-21602
/odm/lib/vendor.oplus.hardware.camera.slogan@1.0.so 21603-21616
/odm/lib/vendor.oplus.hardware.charger@1.0.so 21617-21646
/odm/lib/vendor.oplus.hardware.commondcs@1.0.so 21647-21660
/odm/lib/vendor.oplus.hardware.cryptoeng@1.0.so 21661-21673
/odm/lib/vendor.oplus.hardware.displaypanelfeature@1.0.so 21674-21688
/odm/lib/vendor.oplus.hardware.engcamera@1.0.so 21689-21714
/odm/lib/vendor.oplus.hardware.engineer@1.0.so 21715-21755
/odm/lib/vendor.oplus.hardware.engsensor@1.0.so 21756-21770
/odm/lib/vendor.oplus.hardware.fido.fidoca@1.0.so 21771-21785
/odm/lib/vendor.oplus.hardware.ims@1.0.so 21786-21814
/odm/lib/vendor.oplus.hardware.oplusSensor@1.0.so 21815-21829
/odm/lib/vendor.oplus.hardware.orms.ormsHalService@1.0.so 21830-21854
/odm/lib/vendor.oplus.hardware.orms@1.0.so 21855-21869
/odm/lib/vendor.oplus.hardware.radio@1.0.so 21870-21944
/odm/lib/vendor.oplus.hardware.stability.oplus_project@1.0.so 21945-21960
/odm/lib/vendor.oplus.hardware.thermalmntcfg@1.0.so 21961-21975
/odm/lib/vendor.oplus.hardware.touch@1.0.so 21976-21990
/odm/lib/vendor.oplus.hardware.transmessage@1.0.so 21991-22008
/odm/lib/vendor.oplus.hardware.wifi.supplicant@2.0.so 22009-22074
/odm/lib64/anc.hal.so 22076-22117
/odm/lib64/hw/fingerprint.goodix_G2.default.so 22119-22122
/odm/lib64/hw/fingerprint.goodix_G3.default.so 22123-22126
/odm/lib64/hw/fingerprint.goodix_G5.default.so 22127-22130
/odm/lib64/hw/fingerprint.goodix_G6.default.so 22131-22134
/odm/lib64/hw/fingerprint.silead.default.so 22135-22138
/odm/lib64/hw/fpsensor_fingerprint.default.so 22139-22202
/odm/lib64/hw/vendor.oplus.hardware.camera.slogan@1.0-impl.so 22203-22208
/odm/lib64/hw/vendor.oplus.hardware.engcamera@1.0-impl.so 22209-22217
/odm/lib64/hw/vendor.oplus.hardware.orms.ormsHalService@1.0-impl.so 22218-22227
/odm/lib64/libRbsFlow.so 22228-22282
/odm/lib64/libRbsFlow_cap.so 22283-22316
/odm/lib64/libTeeClient.so 22317-22400
/odm/lib64/libarcsoft_dualcam_wt_calibration.so 22401-22404
/odm/lib64/libarcsoft_dualcam_wt_verification.so 22405-22407
/odm/lib64/libavcodec.so 22408-24880
/odm/lib64/libavformat.so 24881-25171
/odm/lib64/libavutil.so 25172-25268
/odm/lib64/libbsproxy.so 25269-25278
/odm/lib64/libcalibverifyW_T.so 25279-26086
/odm/lib64/libdav1d.so.4 26087-26274
/odm/lib64/libdpservice.so 26275-26285
/odm/lib64/libegis_hal.so 26286-26294
/odm/lib64/libffmpeg_utils.so 26295-26300
/odm/lib64/libfido_factory.so 26301-26305
/odm/lib64/libgf_hal_G2.so 26306-27011
/odm/lib64/libgf_hal_G3.so 27012-27741
/odm/lib64/libgf_hal_G5.so 27742-27804
/odm/lib64/libgf_hal_G6.so 27805-27879
/odm/lib64/libhwm-oppo.so 27880-27895
/odm/lib64/libmmc.so 27896-27924
/odm/lib64/libmxmafa.so 27925-27960
/odm/lib64/libormshalclient.so 27961-27966
/odm/lib64/librpmbengclient.so 27967-27969
/odm/lib64/libsl_fp_impl.so 27970-28047
/odm/lib64/libswresample.so 28048-28068
/odm/lib64/libswscale.so 28069-28180
/odm/lib64/libtrustonic_keybox_ca.so 28181-28183
/odm/lib64/sensors.virtual.so 28184-28195
/odm/lib64/vendor.oplus.hardware.appradio@1.0.so 28196-28241
/odm/lib64/vendor.oplus.hardware.biometrics.face@1.0.so 28242-28296
/odm/lib64/vendor.oplus.hardware.biometrics.faceservice@1.0.so 28297-28314
/odm/lib64/vendor.oplus.hardware.biometrics.fingerprint@2.1.so 28315-28370
/odm/lib64/vendor.oplus.hardware.biometrics.fingerprintpay@1.0.so 28371-28410
/odm/lib64/vendor.oplus.hardware.biometrics.fingerprintservice@1.0.so 28411-28429
/odm/lib64/vendor.oplus.hardware.camera.slogan@1.0.so 28430-28449
/odm/lib64/vendor.oplus.hardware.charger@1.0.so 28450-28490
/odm/lib64/vendor.oplus.hardware.commondcs@1.0.so 28491-28509
/odm/lib64/vendor.oplus.hardware.cryptoeng@1.0.so 28510-28528
/odm/lib64/vendor.oplus.hardware.displaypanelfeature@1.0.so 28529-28549
/odm/lib64/vendor.oplus.hardware.engcamera@1.0.so 28550-28585
/odm/lib64/vendor.oplus.hardware.engineer@1.0.so 28586-28641
/odm/lib64/vendor.oplus.hardware.engsensor@1.0.so 28642-28662
/odm/lib64/vendor.oplus.hardware.fido.fidoca@1.0.so 28663-28683
/odm/lib64/vendor.oplus.hardware.ims@1.0.so 28684-28724
/odm/lib64/vendor.oplus.hardware.oplusSensor@1.0.so 28725-28745
/odm/lib64/vendor.oplus.hardware.orms.ormsHalService@1.0.so 28746-28779
/odm/lib64/vendor.oplus.hardware.orms@1.0.so 28780-28800
/odm/lib64/vendor.oplus.hardware.radio@1.0.so 28801-28906
/odm/lib64/vendor.oplus.hardware.stability.oplus_project@1.0.so 28907-28928
/odm/lib64/vendor.oplus.hardware.thermalmntcfg@1.0.so 28929-28949
/odm/lib64/vendor.oplus.hardware.touch@1.0.so 28950-28970
/odm/lib64/vendor.oplus.hardware.transmessage@1.0.so 28971-28995
/odm/lib64/vendor.oplus.hardware.wifi.supplicant@2.0.so 28996-29086
/odm/overlay/MultimediaOverlay.2167D.apk 29088-29090
/odm/vendor/app/mcRegistry/030c0000000000000000000000000000.drbin 29094-29096
/odm/vendor/app/mcRegistry/030c0000000000000000000000000000.tlbin 29094-29096
/odm/vendor/app/mcRegistry/030f0000000000000000000000000000.drbin 29097-29099
/odm/vendor/app/mcRegistry/030f0000000000000000000000000000.tlbin 29097-29099
/odm/vendor/app/mcRegistry/04320000000000000000000000000000.tlbin 29100-29107
/odm/vendor/app/mcRegistry/05220000000000000000000000000000.tlbin 29108-29245
/odm/vendor/app/mcRegistry/070f0000000000000000000000000a0a.tlbin 29246-29265
/odm/vendor/app/mcRegistry/08010203000000000000000000000000.tabin 29266-29274
/odm/vendor/app/mcRegistry/08080000000000000000000000000000.tlbin 29275-29799 0 0 0 0 0 0 0 0 0 0 0 0 0 0 0 0 0 0 0 0 0 0 0 0 0 0 0 0 0 0 0 29800
/odm/vendor/app/mcRegistry/09060000000000000000000000000000.tabin 29801-29835
/odm/vendor/app/mcRegistry/09070000000000000000000000000000.drbin 29836-29837
/odm/vendor/app/mcRegistry/09080000000000000000000000000000.tlbin 29838-29861
/odm/vendor/app/mcRegistry/511ead0a000000000000000000000000.tabin 29862-30355
