/product/app/com.google.android.modulemetadata/com.google.android.modulemetadata.apk 21-27
/product/app/com.google.mainline.telemetry/com.google.mainline.telemetry.apk 29-34
/product/bin/dmabuf_dump 36-47
/product/bin/init.oplus.nandswap.sh 48
/product/bin/nandswap_tool 49-51
/product/build.prop 52
/product/etc/NOTICE.xml.gz 54
/product/etc/default-permissions/default-permissions-google.xml 56
/product/etc/init/init.oplus.nandswap.rc 58
/product/etc/permissions/privapp-permissions-google-comms-suite.xml 60
/product/etc/permissions/privapp-permissions-google-product.xml 61-65
/product/etc/permissions/privapp-permissions-oppo.xml 66-79
/product/etc/permissions/product-permissions-mediatek.xml 80
/product/etc/permissions/split-permissions-google.xml 81
/product/etc/preferred-apps/google.xml 83-85
/product/etc/security/fsverity/play_store_fsi_cert.der 88
/product/etc/selinux/product_sepolicy_and_mapping.sha256 90
/product/etc/selinux/product_sepolicy_and_mapping_debug.sha256 90
/product/etc/sysconfig/GoogleCellBroadcast_config.xml 92
/product/etc/sysconfig/com.google.android.mainline.patchlevel.1.xml 93
/product/etc/sysconfig/google-rollback-package-whitelist.xml 94
/product/etc/sysconfig/google-staged-installer-whitelist.xml 95
/product/etc/sysconfig/google.xml 96-97
/product/etc/sysconfig/preinstalled-packages-platform-handheld-product.xml 98
/product/etc/sysconfig/preinstalled-packages-platform-overlays.xml 99
/product/etc/sysconfig/wellbeing.xml 100
/product/framework/com.google.android.dialer.support.jar 102
/product/media/audio/ui/Dock.ogg 106-107
/product/media/audio/ui/Effect_Tick.ogg 108-109
/product/media/audio/ui/InCallNotification.ogg 110-111
/product/media/audio/ui/KeypressDelete.ogg 112-113
/product/media/audio/ui/KeypressReturn.ogg 112-113
/product/media/audio/ui/KeypressSpacebar.ogg 112-113
/product/media/audio/ui/KeypressStandard.ogg 112-113
/product/media/audio/ui/Lock.ogg 114-115
/product/media/audio/ui/LowBattery.ogg 116-118
/product/media/audio/ui/Undock.ogg 119-124
/product/media/audio/ui/Unlock.ogg 114 125
/product/media/audio/ui/VideoRecord.ogg 114 126-128
/product/media/audio/ui/camera_click.ogg 114 129-130
/product/media/audio/ui/camera_focus.ogg 114 131
/product/overlay/AccentColorBlack/AccentColorBlackOverlay.apk 134-136
/product/overlay/AccentColorCinnamon/AccentColorCinnamonOverlay.apk 138-140
/product/overlay/AccentColorGreen/AccentColorGreenOverlay.apk 142-144
/product/overlay/AccentColorOcean/AccentColorOceanOverlay.apk 146-148
/product/overlay/AccentColorOrchid/AccentColorOrchidOverlay.apk 150-152
/product/overlay/AccentColorPurple/AccentColorPurpleOverlay.apk 154-156
/product/overlay/AccentColorSpace/AccentColorSpaceOverlay.apk 158-160
/product/overlay/DisplayCutoutEmulationHole/DisplayCutoutEmulationHoleOverlay.apk 162-167
/product/overlay/DisplayCutoutEmulationWaterfall/DisplayCutoutEmulationWaterfallOverlay.apk 169-174
/product/overlay/FontNotoSerifSource/FontNotoSerifSourceOverlay.apk 176-178
/product/overlay/GoogleDocumentsUIOverlay.apk 179-181
/product/overlay/GoogleExtServicesConfigOverlay.apk 182-184
/product/overlay/GooglePermissionControllerFrameworkOverlay.apk 185-187
/product/overlay/GooglePermissionControllerOverlay.apk 188-190
/product/overlay/IconPackCircularAndroid/IconPackCircularAndroidOverlay.apk 192-212
/product/overlay/IconPackCircularLauncher/IconPackCircularLauncherOverlay.apk 214-220
/product/overlay/IconPackCircularSettings/IconPackCircularSettingsOverlay.apk 222-242
/product/overlay/IconPackCircularSystemUI/IconPackCircularSystemUIOverlay.apk 244-260
/product/overlay/IconPackCircularThemePicker/IconPackCircularThemePickerOverlay.apk 262-267
/product/overlay/IconPackFilledAndroid/IconPackFilledAndroidOverlay.apk 269-286
/product/overlay/IconPackFilledLauncher/IconPackFilledLauncherOverlay.apk 288-294
/product/overlay/IconPackFilledSettings/IconPackFilledSettingsOverlay.apk 296-314
/product/overlay/IconPackFilledSystemUI/IconPackFilledSystemUIOverlay.apk 316-330
/product/overlay/IconPackFilledThemePicker/IconPackFilledThemePickerOverlay.apk 332-336
/product/overlay/IconPackRoundedAndroid/IconPackRoundedAndroidOverlay.apk 338-357
/product/overlay/IconPackRoundedLauncher/IconPackRoundedLauncherOverlay.apk 359-365
/product/overlay/IconPackRoundedSettings/IconPackRoundedSettingsOverlay.apk 367-387
/product/overlay/IconPackRoundedSystemUI/IconPackRoundedSystemUIOverlay.apk 389-405
/product/overlay/IconPackRoundedThemePicker/IconPackRoundedThemePickerOverlay.apk 407-412
/product/overlay/IconShapePebble/IconShapePebbleOverlay.apk 414-416
/product/overlay/IconShapeRoundedRect/IconShapeRoundedRectOverlay.apk 418-420
/product/overlay/IconShapeSquircle/IconShapeSquircleOverlay.apk 422-424
/product/overlay/IconShapeTaperedRect/IconShapeTaperedRectOverlay.apk 426-428
/product/overlay/IconShapeTeardrop/IconShapeTeardropOverlay.apk 430-432
/product/overlay/IconShapeVessel/IconShapeVesselOverlay.apk 434-436
/product/overlay/ModuleMetadataGoogleOverlay.apk 437-439
/product/overlay/NavigationBarMode3Button/NavigationBarMode3ButtonOverlay.apk 441-443
/product/overlay/NavigationBarModeGestural/NavigationBarModeGesturalOverlay.apk 445-448
/product/overlay/NavigationBarModeGesturalExtraWideBack/NavigationBarModeGesturalOverlayExtraWideBack.apk 450-453
/product/overlay/NavigationBarModeGesturalNarrowBack/NavigationBarModeGesturalOverlayNarrowBack.apk 455-458
/product/overlay/NavigationBarModeGesturalWideBack/NavigationBarModeGesturalOverlayWideBack.apk 460-463
/product/overlay/framework-res__auto_generated_rro_product.apk 464-492
